../Core/Src/main.c:71:6:ADC_SetActiveChannel	40	static
../Core/Src/main.c:84:6:joystick_read	8	static
../Core/Src/main.c:102:8:joystick_check_tilt	4	static
../Core/Src/main.c:114:11:joystick_get_direction	4	static
../Core/Src/main.c:134:6:render_snake	32	static
../Core/Src/main.c:147:5:main	24	static
../Core/Src/main.c:239:6:SystemClock_Config	160	static
../Core/Src/main.c:287:13:MX_ADC1_Init	48	static
../Core/Src/main.c:353:13:MX_SPI1_Init	8	static
../Core/Src/main.c:393:13:MX_TIM2_Init	40	static
../Core/Src/main.c:438:13:MX_GPIO_Init	40	static
../Core/Src/main.c:466:6:HAL_TIM_PeriodElapsedCallback	16	static
../Core/Src/main.c:471:6:HAL_GPIO_EXTI_Callback	16	static
../Core/Src/main.c:481:6:Error_Handler	4	static,ignoring_inline_asm
