../Core/Src/main.c:71:6:ADC_SetActiveChannel	2
../Core/Src/main.c:84:6:joystick_read	3
../Core/Src/main.c:102:8:joystick_check_tilt	5
../Core/Src/main.c:114:11:joystick_get_direction	4
../Core/Src/main.c:134:6:render_snake	1
../Core/Src/main.c:147:5:main	5
../Core/Src/main.c:237:6:SystemClock_Config	4
../Core/Src/main.c:285:13:MX_ADC1_Init	4
../Core/Src/main.c:351:13:MX_SPI1_Init	2
../Core/Src/main.c:391:13:MX_TIM2_Init	4
../Core/Src/main.c:436:13:MX_GPIO_Init	1
../Core/Src/main.c:464:6:HAL_TIM_PeriodElapsedCallback	1
../Core/Src/main.c:469:6:HAL_GPIO_EXTI_Callback	1
../Core/Src/main.c:479:6:Error_Handler	1
