../Core/Src/main.c:78:6:ADC_SetActiveChannel	40	static
../Core/Src/main.c:91:6:joystick_read	8	static
../Core/Src/main.c:109:8:joystick_check_tilt	4	static
../Core/Src/main.c:121:11:joystick_get_direction	4	static
../Core/Src/main.c:141:6:render_snake	32	static
../Core/Src/main.c:149:6:render_menu	24	static
../Core/Src/main.c:161:5:main	16	static
../Core/Src/main.c:245:6:SystemClock_Config	160	static
../Core/Src/main.c:293:13:MX_ADC1_Init	48	static
../Core/Src/main.c:359:13:MX_SPI1_Init	8	static
../Core/Src/main.c:399:13:MX_TIM2_Init	40	static
../Core/Src/main.c:444:13:MX_GPIO_Init	40	static
../Core/Src/main.c:472:6:HAL_TIM_PeriodElapsedCallback	16	static
../Core/Src/main.c:478:6:HAL_GPIO_EXTI_Callback	24	static
../Core/Src/main.c:496:6:Error_Handler	4	static,ignoring_inline_asm
