../Core/Src/main.c:72:6:ADC_SetActiveChannel	2
../Core/Src/main.c:85:6:joystick_read	3
../Core/Src/main.c:103:8:joystick_check_tilt	5
../Core/Src/main.c:115:11:joystick_get_direction	4
../Core/Src/main.c:135:6:render_snake	1
../Core/Src/main.c:148:5:main	6
../Core/Src/main.c:239:6:SystemClock_Config	4
../Core/Src/main.c:287:13:MX_ADC1_Init	4
../Core/Src/main.c:353:13:MX_SPI1_Init	2
../Core/Src/main.c:393:13:MX_TIM2_Init	4
../Core/Src/main.c:438:13:MX_GPIO_Init	1
../Core/Src/main.c:466:6:HAL_TIM_PeriodElapsedCallback	1
../Core/Src/main.c:471:6:HAL_GPIO_EXTI_Callback	1
../Core/Src/main.c:481:6:Error_Handler	1
