../Core/Src/snake.c:16:6:snake_update	8	static
../Core/Src/snake.c:46:6:snake_move	16	static
../Core/Src/snake.c:109:6:fruit_pick_position	8	static
../Core/Src/snake.c:116:6:snake_fruit_check	8	static
../Core/Src/snake.c:125:6:snake_move_request	4	static
../Core/Src/snake.c:130:6:snake_init_request	4	static
../Core/Src/snake.c:134:6:snake_game_init	32	static
../Core/Src/snake.c:158:6:snake_is_over	4	static
../Core/Src/snake.c:162:6:snake_update_direction	16	static
../Core/Src/snake.c:167:20:snake_get_state	4	static
