../Core/Src/snake.c:19:6:snake_update	8	static
../Core/Src/snake.c:49:6:snake_move	16	static
../Core/Src/snake.c:112:6:fruit_pick_position	8	static
../Core/Src/snake.c:119:6:snake_fruit_check	8	static
../Core/Src/snake.c:128:6:snake_move_request	4	static
../Core/Src/snake.c:133:6:snake_init_request	4	static
../Core/Src/snake.c:137:6:snake_game_init	32	static
../Core/Src/snake.c:161:6:snake_is_over	4	static
../Core/Src/snake.c:165:6:snake_update_direction	16	static
../Core/Src/snake.c:170:20:snake_get_state	4	static
