../libs/snake/snake.c:45:6:snake_update	8	static
../libs/snake/snake.c:82:6:snake_direction_request	16	static
../libs/snake/snake.c:87:6:snake_init_request	16	static
../libs/snake/snake.c:93:6:snake_move_request	4	static
../libs/snake/snake.c:98:6:snake_is_over	4	static
../libs/snake/snake.c:103:20:snake_get_state	4	static
../libs/snake/snake.c:111:6:snake_move	16	static
../libs/snake/snake.c:175:6:fruit_pick_position	8	static
../libs/snake/snake.c:183:6:snake_fruit_check	8	static
../libs/snake/snake.c:192:6:snake_game_init	24	static
